C51 COMPILER V9.00   LMX2954                                                               01/03/2019 18:51:53 PAGE 1   


C51 COMPILER V9.00, COMPILATION OF MODULE LMX2954
OBJECT MODULE PLACED IN lmx2954.OBJ
COMPILER INVOKED BY: D:\Keil51\C51\BIN\C51.EXE lmx2954.c LARGE BROWSE INCDIR(..\test) DEBUG OBJECTEXTEND

line level    source

   1          #include "c8051f330.h"                                            
   2          sbit SCK_2594 = P0^1;
   3          sbit CSB_2594 = P0^3;
   4          sbit SDI_2594 = P0^2;             //IO口配置
   5          
   6          void delay_2594(unsigned int z)           //声明延时函数
   7          {
   8   1              unsigned int x;
   9   1              while(z--)
  10   1              {
  11   2                      for(x=10;x>0;x--);
  12   2              }
  13   1      }
  14          
  15          //void lmx2594_senddata(unsigned char add,unsigned int dat)               //移位，发送数据
  16          //{
  17          //      unsigned char i=0;
  18          //      unsigned int dat_val = 0;
  19          //      unsigned char add_t;
  20          //      unsigned int dat_t;
  21          //      dat_val = dat;
  22          //      SCK_2594 = 0;
  23          //      CSB_2594 = 1;
  24          //      delay_2594(2);
  25          //      CSB_2594 = 0;
  26          //      delay_2594(2);
  27          //      for(i=0;i<8;i++)//地址
  28          //      {
  29          //              add_t = add&0x80; 
  30          //              add_t = (add_t>>7)&0x01;
  31          //              SDI_2594 = add_t;
  32          //              delay_2594(1);
  33          //              SCK_2594 = 1;
  34          //              delay_2594(1);
  35          //              SCK_2594 = 0;
  36          //              add=add<<1;
  37          //              delay_2594(1);
  38          //      }
  39          //      for(i=0;i<16;i++)//数据
  40          //      {
  41          //              dat_t = dat_val&0x8000; 
  42          //              dat_t = (dat_t>>15)&0x0001;
  43          //              SDI_2594 = dat_t;
  44          //              delay_2594(1);
  45          //              SCK_2594 = 1;
  46          //              delay_2594(1);
  47          //              SCK_2594 = 0;
  48          //              dat_val=dat_val<<1;
  49          //              delay_2594(1);
  50          //      }
  51          //      delay_2594(2);
  52          //      CSB_2594 = 1;
  53          //      delay_2594(2);
  54          //}
  55          
C51 COMPILER V9.00   LMX2954                                                               01/03/2019 18:51:53 PAGE 2   

  56          void lmx2594_senddata1(unsigned long int dat)
  57          {
  58   1      
  59   1              unsigned char i=0;
  60   1              unsigned char add_t = 0,ADD = 0;
  61   1              unsigned int dat_v = 0,dat_t=0;
  62   1              ADD = (dat>>16)&0x000000ff;
  63   1              dat_v = dat&0x0000ffff;
  64   1              SCK_2594 = 0;
  65   1              CSB_2594 = 1;
  66   1              delay_2594(2);
  67   1              CSB_2594 = 0;
  68   1              delay_2594(2);
  69   1              for(i=0;i<8;i++)//地址
  70   1              {
  71   2                      add_t = ADD&0x80; 
  72   2                      add_t = (add_t>>7)&0x01;
  73   2                      SDI_2594 = add_t;
  74   2                      delay_2594(1);
  75   2                      SCK_2594 = 1;
  76   2                      delay_2594(1);
  77   2                      SCK_2594 = 0;
  78   2                      ADD=ADD<<1;
  79   2                      delay_2594(1);
  80   2              }
  81   1              for(i=0;i<16;i++)//数据
  82   1              {
  83   2                      dat_t = dat_v&0x8000; 
  84   2                      dat_t = (dat_t>>15)&0x0001;
  85   2                      SDI_2594 = dat_t;
  86   2                      delay_2594(1);
  87   2                      SCK_2594 = 1;
  88   2                      delay_2594(1);
  89   2                      SCK_2594 = 0;
  90   2                      dat_v=dat_v<<1;
  91   2                      delay_2594(1);
  92   2              }
  93   1              delay_2594(2);
  94   1              CSB_2594 = 1;
  95   1              delay_2594(2);
  96   1      }
  97          
  98          void lmx_2549(void)                                                      //寄存器配置
  99          {
 100   1      unsigned long int tab1[]=
 101   1      {
 102   1      0x700000,
 103   1      0x6F0000,
 104   1      0x6E0000,                                                
 105   1      0x6D0000,
 106   1      0x6C0000,
 107   1      0x6B0000,
 108   1      0x6A0000,
 109   1      0x690021,
 110   1      0x680000,
 111   1      0x670000,
 112   1      0x663F80,
 113   1      0x650011,
 114   1      0x640000,
 115   1      0x630000,
 116   1      0x620200,
 117   1      0x610888,
C51 COMPILER V9.00   LMX2954                                                               01/03/2019 18:51:53 PAGE 3   

 118   1      0x600000,
 119   1      0x5F0000,
 120   1      0x5E0000,
 121   1      0x5D0000,
 122   1      0x5C0000,
 123   1      0x5B0000,
 124   1      0x5A0000,
 125   1      0x590000,
 126   1      0x580000,
 127   1      0x570000,
 128   1      0x560000,
 129   1      0x55D300,
 130   1      0x540001,
 131   1      0x530000,
 132   1      0x521E00,
 133   1      0x510000,
 134   1      0x506666,
 135   1      0x4F0026,
 136   1      0x4E0003,  
 137   1      0x4D0000,
 138   1      0x4C000C,
 139   1      0x4B0800,
 140   1      0x4A0000,
 141   1      0x49003F,
 142   1      0x480001,
 143   1      0x470081,
 144   1      0x46C350,
 145   1      0x450000,
 146   1      0x4403E8,
 147   1      0x430000,
 148   1      0x4201F4,
 149   1      0x410000,
 150   1      0x401388,
 151   1      0x3F0000,
 152   1      0x3E0322,
 153   1      0x3D00A8,
 154   1      0x3C0018, //  锁定检测
 155   1      0x3B0001,
 156   1      0x3A8001,
 157   1      0x390020,
 158   1      0x380000,
 159   1      0x370000,
 160   1      0x360000,
 161   1      0x350000,
 162   1      0x340820,
 163   1      0x330080,
 164   1      0x320000,
 165   1      0x314180,
 166   1      0x300300,
 167   1      0x2F0300,
 168   1      0x2E07FD, //  输出
 169   1      0x2DC8DF,
 170   1      //0x2C10A3, //   输出功率(最大) 
 171   1      //0x2C14A3,    //VCO>15G  OUTA_PWR=20   
 172   1      0x2C02A3,  
 173   1      0x2B0096,         //
 174   1      0x2A0000,
 175   1      0x290000,
 176   1      0x280000,
 177   1      0x2703E8,
 178   1      0x260000,
 179   1      0x250404,
C51 COMPILER V9.00   LMX2954                                                               01/03/2019 18:51:53 PAGE 4   

 180   1      0x240028, //  N分频器                           40                                                                                                   
 181   1      0x230004,
 182   1      0x220000,
 183   1      0x211E21, 
 184   1      0x200393,
 185   1      0x1F03EC, 
 186   1      0x1E318C,
 187   1      0x1D318C,
 188   1      0x1C0488,
 189   1      0x1B0002,
 190   1      0x1A0DB0,
 191   1      0x190624,
 192   1      0x18071A,
 193   1      0x17007C,
 194   1      0x160001,
 195   1      0x150401,
 196   1      0x14F048,
 197   1      0x1327B7,
 198   1      0x120064,
 199   1      0x11012C,  //012C
 200   1      0x100080,           
 201   1      0x0F064F,
 202   1      0x0E1E70,
 203   1      0x0D4000,
 204   1      0x0C5001,
 205   1      0x0B0018,
 206   1      0x0A10D8,
 207   1      0x091604,
 208   1      0x082000,                          
 209   1      0x0740B2,
 210   1      0x06C802,
 211   1      0x0500C8,
 212   1      0x040A43,
 213   1      0x030642,
 214   1      0x020500,
 215   1      0x010808,
 216   1      0x002494
 217   1      }; 
 218   1              signed char i=0;
 219   1      
 220   1              lmx2594_senddata1(0x002496);     //复位
 221   1              lmx2594_senddata1(0x002494);     //释放复位
 222   1              for(i=0;i<113;i++)
 223   1              {
 224   2                      lmx2594_senddata1(tab1[112-i]);
 225   2              }
 226   1              lmx2594_senddata1(0x00249c);
 227   1              lmx2594_senddata1(0x00249c);     //必须送入
 228   1      }


MODULE INFORMATION:   STATIC OVERLAYABLE
   CODE SIZE        =    377    ----
   CONSTANT SIZE    =    452    ----
   XDATA SIZE       =   ----     462
   PDATA SIZE       =   ----    ----
   DATA SIZE        =   ----    ----
   IDATA SIZE       =   ----    ----
   BIT SIZE         =   ----    ----
END OF MODULE INFORMATION.


C51 COMPILATION COMPLETE.  0 WARNING(S),  0 ERROR(S)
