C51 COMPILER V9.00   LMX_2954                                                              04/23/2018 21:09:46 PAGE 1   


C51 COMPILER V9.00, COMPILATION OF MODULE LMX_2954
OBJECT MODULE PLACED IN lmx_2954.OBJ
COMPILER INVOKED BY: E:\Keil\C51\BIN\C51.EXE lmx_2954.c LARGE BROWSE INCDIR(..\test) DEBUG OBJECTEXTEND

line level    source

   1          #include "c8051f330.h"                                            
   2          sbit SCK_2594 = P0^1;
   3          sbit CSB_2594 = P0^3;
   4          sbit SDI_2594 = P0^2;
   5          
   6          void delay_2594(unsigned int z)
   7          {
   8   1              unsigned int x;
   9   1              while(z--)
  10   1              {
  11   2                      for(x=10;x>0;x--);
  12   2              }
  13   1      }
  14          
  15          void lmx2594_senddata(unsigned char add,unsigned int dat)
  16          {
  17   1              unsigned char i=0;
  18   1              unsigned int dat_val = 0;
  19   1              unsigned char add_t;
  20   1              unsigned int dat_t;
  21   1              dat_val = dat;
  22   1              SCK_2594 = 0;
  23   1              CSB_2594 = 1;
  24   1              delay_2594(2);
  25   1              CSB_2594 = 0;
  26   1              delay_2594(2);
  27   1              for(i=0;i<8;i++)//µØÖ·
  28   1              {
  29   2                      add_t = add&0x80; 
  30   2                      add_t = (add_t>>7)&0x01;
  31   2                      SDI_2594 = add_t;
  32   2                      delay_2594(1);
  33   2                      SCK_2594 = 1;
  34   2                      delay_2594(1);
  35   2                      SCK_2594 = 0;
  36   2                      add=add<<1;
  37   2                      delay_2594(1);
  38   2              }
  39   1              for(i=0;i<16;i++)//Êý¾Ý
  40   1              {
  41   2                      dat_t = dat_val&0x8000; 
  42   2                      dat_t = (dat_t>>15)&0x0001;
  43   2                      SDI_2594 = dat_t;
  44   2                      delay_2594(1);
  45   2                      SCK_2594 = 1;
  46   2                      delay_2594(1);
  47   2                      SCK_2594 = 0;
  48   2                      dat_val=dat_val<<1;
  49   2                      delay_2594(1);
  50   2              }
  51   1              delay_2594(2);
  52   1              CSB_2594 = 1;
  53   1              delay_2594(2);
  54   1      }
  55          
C51 COMPILER V9.00   LMX_2954                                                              04/23/2018 21:09:46 PAGE 2   

  56          unsigned int tab[113]={0x0000,0x0000,0x0000,0x0000,0x0000,0x0000,0x0000,0x0021,0x0000,0x0000,
  57                                                                                                   0x3F80,0x0011,0x0000,0x0000,0x0200,0x0888,0x0000,0x0000,0x0000,0x0000,
  58                                                                                                   0x0000,0x0000,0x0000,0x0000,0x0000,0x0000,0x0000,0xD300,0x0001,0x0000,
  59                                                                                                   0x1E00,0x0000,0x6666,0x0026,0x0003,0x0000,0x000C,0x0800,0x0000,0x003F,
  60                                                                                                   0x0001,0x0081,0xC350,0x0000,0x03E8,0x0000,0x01F4,0x0000,0x1388,0x0000,
  61                                                                                                   0x0322,0x00A8,0x0000,0x0001,0x8001,0x0021,0x0000,0x0000,0x0000,0x0000,
  62                                                                                                   0x0820,0x0080,0x0000,0x4180,0x0300,0x0300,0x07FD,0xC8DF,0x3F80,0x0000,
  63                                                                                                   0x0000,0x0000,0x0000,0x0001,0x0000,0x8404,0x0048,0x0004,0x0000,0x1E21,
  64                                                                                                   0x0393,0x43EC,0x318C,0x318C,0x0488,0x0002,0x0DB0,0x0624,0x071A,0x007C,
  65                                                                                                   0x0001,0x0401,0xE048,0x27B7,0x0064,0x012C,0x0080,0x064F,0x1E70,0x4000,
  66                                                                                                   0x5001,0x0018,0x10D8,0x1604,0x2000,0x40B2,0xC802,0x00C8,0x0A43,0x0642,
  67                                                                                                   0x0500,0x0808,0x258C};
  68          
  69          //unsigned long long tab1[]=
  70          //{
  71          //0x700000
  72          //0x6F0000
  73          //0x6E0000                                               
  74          //0x6D0000
  75          //0x6C0000
  76          //0x6B0000
  77          //0x6A0000
  78          //0x690021
  79          //0x680000
  80          //0x670000
  81          //0x663F80
  82          //0x650011
  83          //0x640000
  84          //0x630000
  85          //0x620200
  86          //0x610888
  87          //0x600000
  88          //0x5F0000
  89          //0x5E0000
  90          //0x5D0000
  91          //0x5C0000
  92          //0x5B0000
  93          //0x5A0000
  94          //0x590000
  95          //0x580000
  96          //0x570000
  97          //0x560000
  98          //0x55D300
  99          //0x540001
 100          //0x530000
 101          //0x521E00
 102          //0x510000
 103          //0x506666
 104          //0x4F0026
 105          //0x4E0003
 106          //0x4D0000
 107          //0x4C000C
 108          //0x4B0800
 109          //0x4A0000
 110          //0x49003F
 111          //0x480001
 112          //0x470081
 113          //0x46C350
 114          //0x450000
 115          //0x4403E8
 116          //0x430000
 117          //0x4201F4
C51 COMPILER V9.00   LMX_2954                                                              04/23/2018 21:09:46 PAGE 3   

 118          //0x410000
 119          //0x401388
 120          //0x3F0000
 121          //0x3E0322
 122          //0x3D00A8
 123          //0x3C0000
 124          //0x3B0001
 125          //0x3A8001
 126          //0x390020
 127          //0x380000
 128          //0x370000
 129          //0x360000
 130          //0x350000
 131          //0x340820
 132          //0x330080
 133          //0x320000
 134          //0x314180
 135          //0x300300
 136          //0x2F0300
 137          //0x2E07FC
 138          //0x2DC0DF
 139          //0x2C1FA3
 140          //0x2B0000
 141          //0x2A0000
 142          //0x290000
 143          //0x280000
 144          //0x2703E8
 145          //0x260000
 146          //0x250404
 147          //0x240046
 148          //0x230004
 149          //0x220000
 150          //0x211E21
 151          //0x200393
 152          //0x1F43EC
 153          //0x1E318C
 154          //0x1D318C
 155          //0x1C0488
 156          //0x1B0002
 157          //0x1A0DB0
 158          //0x190624
 159          //0x18071A
 160          //0x17007C
 161          //0x160001
 162          //0x150401
 163          //0x14E048
 164          //0x1327B7
 165          //0x120064
 166          //0x11012C
 167          //0x100080
 168          //0x0F064F
 169          //0x0E1E70
 170          
 171          //0x0D4000
 172          //0x0C5001
 173          //0x0B0018
 174          //0x0A10D8
 175          //0x091604
 176          //0x082000
 177          //0x0740B2
 178          //0x06C802
 179          //0x0500C8
C51 COMPILER V9.00   LMX_2954                                                              04/23/2018 21:09:46 PAGE 4   

 180          //0x040A43
 181          //0x030642
 182          //0x020500
 183          //0x010808
 184          //0x00251C
 185          //}; 
 186          
 187          
 188          void lmx2594_handle(void)
 189          {
 190   1              signed char i=0;
 191   1              tab[112-44] = 0X00A4;//R0¼Ä´æÆ÷
 192   1              for(i=0;i<113;i++)
 193   1              {
 194   2                      lmx2594_senddata(i,tab[112-i]);
 195   2              }
 196   1              
 197   1      }
 198          
 199          
 200          


MODULE INFORMATION:   STATIC OVERLAYABLE
   CODE SIZE        =    279    ----
   CONSTANT SIZE    =   ----    ----
   XDATA SIZE       =    226       6
   PDATA SIZE       =   ----    ----
   DATA SIZE        =   ----    ----
   IDATA SIZE       =   ----    ----
   BIT SIZE         =   ----    ----
END OF MODULE INFORMATION.


C51 COMPILATION COMPLETE.  0 WARNING(S),  0 ERROR(S)
